Release 14.5 - xst P.58f (nt64)
Copyright (c) 1995-2012 Xilinx, Inc.  All rights reserved.
--> Parameter TMPDIR set to xst/projnav.tmp


Total REAL time to Xst completion: 0.00 secs
Total CPU time to Xst completion: 0.31 secs
 
--> Parameter xsthdpdir set to xst


Total REAL time to Xst completion: 0.00 secs
Total CPU time to Xst completion: 0.31 secs
 
--> Reading design: my_alu.prj

TABLE OF CONTENTS
  1) Synthesis Options Summary
  2) HDL Parsing
  3) HDL Elaboration
  4) HDL Synthesis
       4.1) HDL Synthesis Report
  5) Advanced HDL Synthesis
       5.1) Advanced HDL Synthesis Report
  6) Low Level Synthesis
  7) Partition Report
  8) Design Summary
       8.1) Primitive and Black Box Usage
       8.2) Device utilization summary
       8.3) Partition Resource Summary
       8.4) Timing Report
            8.4.1) Clock Information
            8.4.2) Asynchronous Control Signals Information
            8.4.3) Timing Summary
            8.4.4) Timing Details
            8.4.5) Cross Clock Domains Report


=========================================================================
*                      Synthesis Options Summary                        *
=========================================================================
---- Source Parameters
Input File Name                    : "my_alu.prj"
Ignore Synthesis Constraint File   : NO

---- Target Parameters
Output File Name                   : "my_alu"
Output Format                      : NGC
Target Device                      : xc6vlx240t-1-ff1156

---- Source Options
Top Module Name                    : my_alu
Automatic FSM Extraction           : YES
FSM Encoding Algorithm             : Auto
Safe Implementation                : No
FSM Style                          : LUT
RAM Extraction                     : Yes
RAM Style                          : Auto
ROM Extraction                     : Yes
Shift Register Extraction          : YES
ROM Style                          : Auto
Resource Sharing                   : YES
Asynchronous To Synchronous        : NO
Shift Register Minimum Size        : 2
Use DSP Block                      : Auto
Automatic Register Balancing       : No

---- Target Options
LUT Combining                      : Auto
Reduce Control Sets                : Auto
Add IO Buffers                     : YES
Global Maximum Fanout              : 100000
Add Generic Clock Buffer(BUFG)     : 32
Register Duplication               : YES
Optimize Instantiated Primitives   : NO
Use Clock Enable                   : Auto
Use Synchronous Set                : Auto
Use Synchronous Reset              : Auto
Pack IO Registers into IOBs        : Auto
Equivalent register Removal        : YES

---- General Options
Optimization Goal                  : Speed
Optimization Effort                : 1
Power Reduction                    : NO
Keep Hierarchy                     : No
Netlist Hierarchy                  : As_Optimized
RTL Output                         : Yes
Global Optimization                : AllClockNets
Read Cores                         : YES
Write Timing Constraints           : NO
Cross Clock Analysis               : NO
Hierarchy Separator                : /
Bus Delimiter                      : <>
Case Specifier                     : Maintain
Slice Utilization Ratio            : 100
BRAM Utilization Ratio             : 100
DSP48 Utilization Ratio            : 100
Auto BRAM Packing                  : NO
Slice Utilization Ratio Delta      : 5

=========================================================================


=========================================================================
*                          HDL Parsing                                  *
=========================================================================
Parsing VHDL file "C:\Users\cathy\Documents\UCR\spring2015\CS161L\lab2\lab2_alu\my_alu.vhd" into library work
Parsing entity <my_alu>.
Parsing architecture <behavioral> of entity <my_alu>.

=========================================================================
*                            HDL Elaboration                            *
=========================================================================

Elaborating entity <my_alu> (architecture <behavioral>) with generics from library <work>.
INFO:HDLCompiler:679 - "C:\Users\cathy\Documents\UCR\spring2015\CS161L\lab2\lab2_alu\my_alu.vhd" Line 195. Case statement is complete. others clause is never selected

=========================================================================
*                           HDL Synthesis                               *
=========================================================================

Synthesizing Unit <my_alu>.
    Related source file is "C:\Users\cathy\Documents\UCR\spring2015\CS161L\lab2\lab2_alu\my_alu.vhd".
        NUMBITS = 4
    Found 5-bit adder for signal <GND_6_o_GND_6_o_add_0_OUT> created at line 59.
    Found 5-bit adder for signal <A[3]_B[3]_add_2_OUT> created at line 77.
    Found 5-bit subtractor for signal <GND_6_o_GND_6_o_sub_11_OUT<4:0>> created at line 101.
    Found 5-bit subtractor for signal <A[3]_B[3]_sub_13_OUT<4:0>> created at line 117.
    Found 5-bit 8-to-1 multiplexer for signal <tmp> created at line 54.
WARNING:Xst:737 - Found 1-bit latch for signal <overflow>. Latches may be generated from incomplete case or if statements. We do not recommend the use of latches in FPGA/CPLD designs, as they may lead to timing problems.
WARNING:Xst:737 - Found 1-bit latch for signal <carryout>. Latches may be generated from incomplete case or if statements. We do not recommend the use of latches in FPGA/CPLD designs, as they may lead to timing problems.
    Found 4-bit comparator greater for signal <n0010> created at line 122
    Found 4-bit comparator greater for signal <GND_6_o_B[3]_LessThan_15_o> created at line 122
    Found 4-bit comparator greater for signal <GND_6_o_tmp[3]_LessThan_16_o> created at line 122
    Summary:
	inferred   1 Adder/Subtractor(s).
	inferred   2 Latch(s).
	inferred   3 Comparator(s).
	inferred  17 Multiplexer(s).
Unit <my_alu> synthesized.

=========================================================================
HDL Synthesis Report

Macro Statistics
# Adders/Subtractors                                   : 1
 5-bit addsub                                          : 1
# Latches                                              : 2
 1-bit latch                                           : 2
# Comparators                                          : 3
 4-bit comparator greater                              : 3
# Multiplexers                                         : 17
 1-bit 2-to-1 multiplexer                              : 7
 5-bit 2-to-1 multiplexer                              : 10
# Xors                                                 : 1
 4-bit xor2                                            : 1

=========================================================================
INFO:Xst:1767 - HDL ADVISOR - Resource sharing has identified that some arithmetic operations in this design can share the same physical resources for reduced device utilization. For improved clock frequency you may try to disable resource sharing.

=========================================================================
*                       Advanced HDL Synthesis                          *
=========================================================================


=========================================================================
Advanced HDL Synthesis Report

Macro Statistics
# Adders/Subtractors                                   : 1
 5-bit addsub                                          : 1
# Comparators                                          : 3
 4-bit comparator greater                              : 3
# Multiplexers                                         : 17
 1-bit 2-to-1 multiplexer                              : 7
 5-bit 2-to-1 multiplexer                              : 10
# Xors                                                 : 1
 4-bit xor2                                            : 1

=========================================================================

=========================================================================
*                         Low Level Synthesis                           *
=========================================================================

Optimizing unit <my_alu> ...

Mapping all equations...
Building and optimizing final netlist ...
Found area constraint ratio of 100 (+ 5) on block my_alu, actual ratio is 0.

Final Macro Processing ...

=========================================================================
Final Register Report

Found no macro
=========================================================================

=========================================================================
*                           Partition Report                            *
=========================================================================

Partition Implementation Status
-------------------------------

  No Partitions were found in this design.

-------------------------------

=========================================================================
*                            Design Summary                             *
=========================================================================

Top Level Output File Name         : my_alu.ngc

Primitive and Black Box Usage:
------------------------------
# BELS                             : 19
#      LUT2                        : 1
#      LUT3                        : 5
#      LUT4                        : 4
#      LUT5                        : 3
#      LUT6                        : 6
# FlipFlops/Latches                : 2
#      LD                          : 2
# IO Buffers                       : 18
#      IBUF                        : 11
#      OBUF                        : 7

Device utilization summary:
---------------------------

Selected Device : 6vlx240tff1156-1 


Slice Logic Utilization: 
 Number of Slice LUTs:                   19  out of  150720     0%  
    Number used as Logic:                19  out of  150720     0%  

Slice Logic Distribution: 
 Number of LUT Flip Flop pairs used:     19
   Number with an unused Flip Flop:      19  out of     19   100%  
   Number with an unused LUT:             0  out of     19     0%  
   Number of fully used LUT-FF pairs:     0  out of     19     0%  
   Number of unique control sets:         1

IO Utilization: 
 Number of IOs:                          18
 Number of bonded IOBs:                  18  out of    600     3%  
    IOB Flip Flops/Latches:               2

Specific Feature Utilization:

---------------------------
Partition Resource Summary:
---------------------------

  No Partitions were found in this design.

---------------------------


=========================================================================
Timing Report

NOTE: THESE TIMING NUMBERS ARE ONLY A SYNTHESIS ESTIMATE.
      FOR ACCURATE TIMING INFORMATION PLEASE REFER TO THE TRACE REPORT
      GENERATED AFTER PLACE-and-ROUTE.

Clock Information:
------------------
---------------------------------------------------------+------------------------+-------+
Clock Signal                                             | Clock buffer(FF name)  | Load  |
---------------------------------------------------------+------------------------+-------+
opcode[2]_GND_7_o_Mux_33_o(opcode[2]_GND_7_o_Mux_33_o1:O)| NONE(*)(carryout)      | 2     |
---------------------------------------------------------+------------------------+-------+
(*) This 1 clock signal(s) are generated by combinatorial logic,
and XST is not able to identify which are the primary clock signals.
Please use the CLOCK_SIGNAL constraint to specify the clock signal(s) generated by combinatorial logic.
INFO:Xst:2169 - HDL ADVISOR - Some clock signals were not automatically buffered by XST with BUFG/BUFR resources. Please use the buffer_type constraint in order to insert these buffers to the clock signals to help prevent skew problems.

Asynchronous Control Signals Information:
----------------------------------------
No asynchronous control signals found in this design

Timing Summary:
---------------
Speed Grade: -1

   Minimum period: No path found
   Minimum input arrival time before clock: 2.254ns
   Maximum output required time after clock: 0.789ns
   Maximum combinational path delay: 2.656ns

Timing Details:
---------------
All values displayed in nanoseconds (ns)

=========================================================================
Timing constraint: Default OFFSET IN BEFORE for Clock 'opcode[2]_GND_7_o_Mux_33_o'
  Total number of paths / destination ports: 59 / 2
-------------------------------------------------------------------------
Offset:              2.254ns (Levels of Logic = 4)
  Source:            A<3> (PAD)
  Destination:       overflow (LATCH)
  Destination Clock: opcode[2]_GND_7_o_Mux_33_o falling

  Data Path: A<3> to overflow
                                Gate     Net
    Cell:in->out      fanout   Delay   Delay  Logical Name (Net Name)
    ----------------------------------------  ------------
     IBUF:I->O             6   0.003   0.614  A_3_IBUF (A_3_IBUF)
     LUT3:I0->O            2   0.068   0.781  Mmux_tmp3_rs_lut<3>1 (Mmux_tmp3_rs_lut<3>)
     LUT6:I1->O            3   0.068   0.652  Mmux_opcode[2]_carryout_Mux_32_o15 (result_3_OBUF)
     LUT6:I2->O            1   0.068   0.000  Mmux_opcode[2]_carryout_Mux_32_o11 (opcode[2]_overflow_Mux_34_o)
     LD:D                     -0.047          overflow
    ----------------------------------------
    Total                      2.254ns (0.207ns logic, 2.047ns route)
                                       (9.2% logic, 90.8% route)

=========================================================================
Timing constraint: Default OFFSET OUT AFTER for Clock 'opcode[2]_GND_7_o_Mux_33_o'
  Total number of paths / destination ports: 2 / 2
-------------------------------------------------------------------------
Offset:              0.789ns (Levels of Logic = 1)
  Source:            carryout (LATCH)
  Destination:       carryout (PAD)
  Source Clock:      opcode[2]_GND_7_o_Mux_33_o falling

  Data Path: carryout to carryout
                                Gate     Net
    Cell:in->out      fanout   Delay   Delay  Logical Name (Net Name)
    ----------------------------------------  ------------
     LD:G->Q               1   0.387   0.399  carryout (carryout_OBUF)
     OBUF:I->O                 0.003          carryout_OBUF (carryout)
    ----------------------------------------
    Total                      0.789ns (0.390ns logic, 0.399ns route)
                                       (49.4% logic, 50.6% route)

=========================================================================
Timing constraint: Default path analysis
  Total number of paths / destination ports: 102 / 5
-------------------------------------------------------------------------
Delay:               2.656ns (Levels of Logic = 5)
  Source:            A<3> (PAD)
  Destination:       zero (PAD)

  Data Path: A<3> to zero
                                Gate     Net
    Cell:in->out      fanout   Delay   Delay  Logical Name (Net Name)
    ----------------------------------------  ------------
     IBUF:I->O             6   0.003   0.614  A_3_IBUF (A_3_IBUF)
     LUT3:I0->O            2   0.068   0.781  Mmux_tmp3_rs_lut<3>1 (Mmux_tmp3_rs_lut<3>)
     LUT6:I1->O            3   0.068   0.652  Mmux_opcode[2]_carryout_Mux_32_o15 (result_3_OBUF)
     LUT4:I0->O            1   0.068   0.399  zero<3>1 (zero_OBUF)
     OBUF:I->O                 0.003          zero_OBUF (zero)
    ----------------------------------------
    Total                      2.656ns (0.210ns logic, 2.446ns route)
                                       (7.9% logic, 92.1% route)

=========================================================================

Cross Clock Domains Report:
--------------------------

=========================================================================


Total REAL time to Xst completion: 15.00 secs
Total CPU time to Xst completion: 14.85 secs
 
--> 

Total memory usage is 285704 kilobytes

Number of errors   :    0 (   0 filtered)
Number of warnings :    2 (   0 filtered)
Number of infos    :    2 (   0 filtered)

